// Jest Snapshot v1, https://goo.gl/fbAQLP

exports[`Results component snapshot Renders a Results component on the page 1`] = `
<DocumentFragment>
  <pre
    class="sc-bdnxRM qMVbX"
    data-testid="results"
  >
     [
  {
    "json": "json"
  }
] 
  </pre>
</DocumentFragment>
`;
