// Jest Snapshot v1, https://goo.gl/fbAQLP

exports[`App component renders App 1`] = `
<DocumentFragment>
  <div
    class="sc-pNWdM qBtuQ"
  >
    <div
      class="sc-jrsJWt hBxIsL"
    >
      MailMan
    </div>
    <form
      class="sc-gtsrHT bZDDbN"
    >
      <input
        class="sc-dlnjwi ebyqvk"
        data-testid="search-bar"
        name="urlInput"
        type="text"
        value=""
      />
      <div
        class="sc-hKFxyN eHVPT"
      >
        <div
          class="sc-eCApnc fVYseP"
        >
          <label
            class="sc-jSFjdj kzdrNt"
          >
             GET 
          </label>
          <input
            class="sc-gKAaRy cTlvQw"
            name="selector"
            type="radio"
            value="GET"
          />
        </div>
        <div
          class="sc-eCApnc fVYseP"
        >
          <label
            class="sc-jSFjdj kzdrNt"
          >
             POST 
          </label>
          <input
            class="sc-gKAaRy cTlvQw"
            name="selector"
            type="radio"
            value="POST"
          />
        </div>
        <div
          class="sc-eCApnc fVYseP"
        >
          <label
            class="sc-jSFjdj kzdrNt"
          >
             PUT 
          </label>
          <input
            class="sc-gKAaRy cTlvQw"
            name="selector"
            type="radio"
            value="PUT"
          />
        </div>
        <div
          class="sc-eCApnc fVYseP"
        >
          <label
            class="sc-jSFjdj kzdrNt"
          >
             PATCH 
          </label>
          <input
            class="sc-gKAaRy cTlvQw"
            name="selector"
            type="radio"
            value="PATCH"
          />
        </div>
        <div
          class="sc-eCApnc fVYseP"
        >
          <label
            class="sc-jSFjdj kzdrNt"
          >
             DELETE 
          </label>
          <input
            class="sc-gKAaRy cTlvQw"
            name="selector"
            type="radio"
            value="DELETE"
          />
        </div>
        <button
          class="sc-iCoGMd kxYXNQ"
          data-testid="submit-button"
        >
           Go 
        </button>
      </div>
      <textarea
        class="sc-fujyAs fcMhcn"
        name="body"
        placeholder="Raw JSON Body"
      />
    </form>
    <pre
      class="sc-bdnxRM qMVbX"
      data-testid="results"
    >
       [
  {
    "root": {
      "Yo": "Make a Fetch!"
    }
  }
] 
    </pre>
  </div>
</DocumentFragment>
`;
